# serializer version: 1
# name: test_help_output_snapshot
  '''
                                                                                  
   Usage: root [OPTIONS] COMMAND [ARGS]...                                        
                                                                                  
   Manage the main application state and top-level options like --version.        
                                                                                  
                                                                                  
  ╭─ Options ────────────────────────────────────────────────────────────────────╮
  │ --version             -v                   Show the application's version    │
  │                                            and exit.                         │
  │ --authors             -A                   Show the application's authors    │
  │                                            contacts and exit.                │
  │ --verbose             -V                   Enable verbose (DEBUG) logging.   │
  │ --output-format       -f      [text|json]  Output format. [default: text]    │
  │ --install-completion                       Install completion for the        │
  │                                            current shell.                    │
  │ --show-completion                          Show completion for the current   │
  │                                            shell, to copy it or customize    │
  │                                            the installation.                 │
  │ --help                                     Show this message and exit.       │
  ╰──────────────────────────────────────────────────────────────────────────────╯
  ╭─ Commands ───────────────────────────────────────────────────────────────────╮
  │ command                                                                      │
  │ completion   Manage shell completion scripts.                                │
  ╰──────────────────────────────────────────────────────────────────────────────╯
  
  
  '''
# ---
# name: test_version_output_snapshot
  '''
  cli-app 0.3.0
  
  Uses:
   - pydantic-settings 2.10.1
   - structlog 25.5.0
   - typer 0.16.0
  
  '''
# ---
